// Jest Snapshot v1, https://goo.gl/fbAQLP

exports[`Test for GameComponent test rendering of the GameComponent 1`] = `
<div
  style={
    Object {
      "display": "flex",
      "flexDirection": "row",
    }
  }
>
  <BoardComponent
    isInteractive={true}
    setValues={[Function]}
  />
  <div>
    <section>
      <input
        className="board__controls__inputButton board__controls__inputButton--solve"
        id="sudokuSolveBtn"
        onClick={[Function]}
        type="button"
        value="Solve it!"
      />
    </section>
  </div>
  <BoardComponent
    filledIndex={Array []}
    values={Array []}
  />
</div>
`;
